Archive member included to satisfy reference by file (symbol)

/Users/fukuno/bin/gcc-arm-none-eabi-6-2017-q1-update/bin/../lib/gcc/arm-none-eabi/6.3.1/thumb/v6-m/libgcc.a(_udivsi3.o)
                              main.o (__aeabi_uidiv)
/Users/fukuno/bin/gcc-arm-none-eabi-6-2017-q1-update/bin/../lib/gcc/arm-none-eabi/6.3.1/thumb/v6-m/libgcc.a(_dvmd_tls.o)
                              /Users/fukuno/bin/gcc-arm-none-eabi-6-2017-q1-update/bin/../lib/gcc/arm-none-eabi/6.3.1/thumb/v6-m/libgcc.a(_udivsi3.o) (__aeabi_idiv0)

Discarded input sections

 .text          0x0000000000000000        0x0 main.o
 .data          0x0000000000000000        0x0 main.o
 .bss           0x0000000000000000        0x0 main.o
 .text.uart0_puts
                0x0000000000000000       0x16 main.o
 .data          0x0000000000000000        0x0 /Users/fukuno/bin/gcc-arm-none-eabi-6-2017-q1-update/bin/../lib/gcc/arm-none-eabi/6.3.1/thumb/v6-m/libgcc.a(_udivsi3.o)
 .bss           0x0000000000000000        0x0 /Users/fukuno/bin/gcc-arm-none-eabi-6-2017-q1-update/bin/../lib/gcc/arm-none-eabi/6.3.1/thumb/v6-m/libgcc.a(_udivsi3.o)
 .data          0x0000000000000000        0x0 /Users/fukuno/bin/gcc-arm-none-eabi-6-2017-q1-update/bin/../lib/gcc/arm-none-eabi/6.3.1/thumb/v6-m/libgcc.a(_dvmd_tls.o)
 .bss           0x0000000000000000        0x0 /Users/fukuno/bin/gcc-arm-none-eabi-6-2017-q1-update/bin/../lib/gcc/arm-none-eabi/6.3.1/thumb/v6-m/libgcc.a(_dvmd_tls.o)

Memory Configuration

Name             Origin             Length             Attributes
FLASH            0x0000000000000000 0x0000000000001000 xr
RAM              0x0000000010000000 0x0000000000000400 xrw
*default*        0x0000000000000000 0xffffffffffffffff

Linker script and memory map

LOAD main.o
START GROUP
LOAD /Users/fukuno/bin/gcc-arm-none-eabi-6-2017-q1-update/bin/../lib/gcc/arm-none-eabi/6.3.1/thumb/v6-m/libgcc.a
LOAD /Users/fukuno/bin/gcc-arm-none-eabi-6-2017-q1-update/bin/../lib/gcc/arm-none-eabi/6.3.1/../../../../arm-none-eabi/lib/thumb/v6-m/libc.a
END GROUP
                0x0000000010000400                __top_ram = 0x10000400

.text           0x0000000000000000      0x394
                0x0000000000000000                _text = .
 *(.isr_vector)
 .isr_vector    0x0000000000000000       0xc0 main.o
                0x0000000000000000                g_pfnVectors
                0x00000000000000c0                __data_section_table = .
                0x00000000000000c0        0x4 LONG 0x394 LOADADDR (.data)
                0x00000000000000c4        0x4 LONG 0x0 SIZEOF (.data)
 *(.after_vectors)
 .after_vectors
                0x00000000000000c8        0x2 main.o
                0x00000000000000c8                SPI0_IRQHandler
                0x00000000000000c8                PININT7_IRQHandler
                0x00000000000000c8                HardFault_Handler
                0x00000000000000c8                WKT_IRQHandler
                0x00000000000000c8                PININT2_IRQHandler
                0x00000000000000c8                PININT1_IRQHandler
                0x00000000000000c8                PendSV_Handler
                0x00000000000000c8                NMI_Handler
                0x00000000000000c8                MRT_IRQHandler
                0x00000000000000c8                UART1_IRQHandler
                0x00000000000000c8                UART0_IRQHandler
                0x00000000000000c8                SPI1_IRQHandler
                0x00000000000000c8                IntDefaultHandler
                0x00000000000000c8                PININT3_IRQHandler
                0x00000000000000c8                UART2_IRQHandler
                0x00000000000000c8                PININT5_IRQHandler
                0x00000000000000c8                PININT4_IRQHandler
                0x00000000000000c8                PININT0_IRQHandler
                0x00000000000000c8                BOD_IRQHandler
                0x00000000000000c8                SCT_IRQHandler
                0x00000000000000c8                I2C_IRQHandler
                0x00000000000000c8                WDT_IRQHandler
                0x00000000000000c8                SVC_Handler
                0x00000000000000c8                PININT6_IRQHandler
                0x00000000000000c8                CMP_IRQHandler
 *(.text*)
 *fill*         0x00000000000000ca        0x2 
 .text.SysTick_Handler
                0x00000000000000cc       0x10 main.o
                0x00000000000000cc                SysTick_Handler
 .text.uart0_init
                0x00000000000000dc       0xa4 main.o
                0x00000000000000dc                uart0_init
 .text.uart0_putc
                0x0000000000000180       0x14 main.o
                0x0000000000000180                uart0_putc
 .text.systick_init
                0x0000000000000194       0x38 main.o
                0x0000000000000194                systick_init
 .text.systick_delay
                0x00000000000001cc       0x14 main.o
                0x00000000000001cc                systick_delay
 .text.Reset_Handler
                0x00000000000001e0       0x9c main.o
                0x00000000000001e0                Reset_Handler
 .text          0x000000000000027c      0x114 /Users/fukuno/bin/gcc-arm-none-eabi-6-2017-q1-update/bin/../lib/gcc/arm-none-eabi/6.3.1/thumb/v6-m/libgcc.a(_udivsi3.o)
                0x000000000000027c                __udivsi3
                0x000000000000027c                __aeabi_uidiv
                0x0000000000000388                __aeabi_uidivmod
 .text          0x0000000000000390        0x4 /Users/fukuno/bin/gcc-arm-none-eabi-6-2017-q1-update/bin/../lib/gcc/arm-none-eabi/6.3.1/thumb/v6-m/libgcc.a(_dvmd_tls.o)
                0x0000000000000390                __aeabi_ldiv0
                0x0000000000000390                __aeabi_idiv0
 *(.rodata*)
                0x0000000000000394                . = ALIGN (0x4)
                0x0000000000000394                _etext = .

.glue_7         0x0000000000000394        0x0
 .glue_7        0x0000000000000394        0x0 linker stubs

.glue_7t        0x0000000000000394        0x0
 .glue_7t       0x0000000000000394        0x0 linker stubs

.vfp11_veneer   0x0000000000000394        0x0
 .vfp11_veneer  0x0000000000000394        0x0 linker stubs

.v4_bx          0x0000000000000394        0x0
 .v4_bx         0x0000000000000394        0x0 linker stubs

.iplt           0x0000000000000394        0x0
 .iplt          0x0000000000000394        0x0 main.o

.rel.dyn        0x0000000000000394        0x0
 .rel.iplt      0x0000000000000394        0x0 main.o

.data           0x0000000010000000        0x0 load address 0x0000000000000394
                0x0000000010000000                _data = .
 *(vtable)
 *(.data*)
                0x0000000010000000                . = ALIGN (0x4)
                0x0000000010000000                _edata = .

.igot.plt       0x0000000010000000        0x0 load address 0x0000000000000394
 .igot.plt      0x0000000010000000        0x0 main.o

.bss            0x0000000010000000        0x4 load address 0x0000000000000394
                0x0000000010000000                _bss = .
 *(.bss*)
 .bss.systick_cnt
                0x0000000010000000        0x4 main.o
                0x0000000010000000                systick_cnt
 *(COMMON)
                0x0000000010000004                . = ALIGN (0x4)
                0x0000000010000004                _ebss = .
                0x0000000010000400                PROVIDE (_vStackTop, __top_ram)
OUTPUT(obj.axf elf32-littlearm)

.comment        0x0000000000000000       0x7f
 .comment       0x0000000000000000       0x7f main.o
                                         0x80 (size before relaxing)

.ARM.attributes
                0x0000000000000000       0x32
 .ARM.attributes
                0x0000000000000000       0x32 main.o
 .ARM.attributes
                0x0000000000000032       0x1e /Users/fukuno/bin/gcc-arm-none-eabi-6-2017-q1-update/bin/../lib/gcc/arm-none-eabi/6.3.1/thumb/v6-m/libgcc.a(_udivsi3.o)
 .ARM.attributes
                0x0000000000000050       0x1e /Users/fukuno/bin/gcc-arm-none-eabi-6-2017-q1-update/bin/../lib/gcc/arm-none-eabi/6.3.1/thumb/v6-m/libgcc.a(_dvmd_tls.o)

.debug_frame    0x0000000000000000       0x20
 .debug_frame   0x0000000000000000       0x20 /Users/fukuno/bin/gcc-arm-none-eabi-6-2017-q1-update/bin/../lib/gcc/arm-none-eabi/6.3.1/thumb/v6-m/libgcc.a(_udivsi3.o)
