Archive member included to satisfy reference by file (symbol)

/Users/fukuno/bin/gcc-arm-none-eabi-7-2018-q2-update/bin/../lib/gcc/arm-none-eabi/7.3.1/thumb/v6-m/libgcc.a(_thumb1_case_uqi.o)
                              main.o (__gnu_thumb1_case_uqi)
/Users/fukuno/bin/gcc-arm-none-eabi-7-2018-q2-update/bin/../lib/gcc/arm-none-eabi/7.3.1/thumb/v6-m/libgcc.a(_udivsi3.o)
                              main.o (__aeabi_uidivmod)
/Users/fukuno/bin/gcc-arm-none-eabi-7-2018-q2-update/bin/../lib/gcc/arm-none-eabi/7.3.1/thumb/v6-m/libgcc.a(_divsi3.o)
                              main.o (__aeabi_idiv)
/Users/fukuno/bin/gcc-arm-none-eabi-7-2018-q2-update/bin/../lib/gcc/arm-none-eabi/7.3.1/thumb/v6-m/libgcc.a(_dvmd_tls.o)
                              /Users/fukuno/bin/gcc-arm-none-eabi-7-2018-q2-update/bin/../lib/gcc/arm-none-eabi/7.3.1/thumb/v6-m/libgcc.a(_udivsi3.o) (__aeabi_idiv0)

Allocating common symbols
Common symbol       size              file

data                0x3f              main.o

Discarded input sections

 .text          0x0000000000000000        0x0 main.o
 .data          0x0000000000000000        0x0 main.o
 .bss           0x0000000000000000        0x0 main.o
 .text.systick_delay
                0x0000000000000000       0x14 main.o
 .text.systick_clear
                0x0000000000000000        0xc main.o
 .text.systick_tick
                0x0000000000000000        0xc main.o
 .text.rgb      0x0000000000000000        0xa main.o
 .text.get      0x0000000000000000       0x1c main.o
 .data.gpio_toggle
                0x0000000000000000        0x4 main.o
 .rodata.GPIO_TOGGLE
                0x0000000000000000        0xc main.o
 .data          0x0000000000000000        0x0 /Users/fukuno/bin/gcc-arm-none-eabi-7-2018-q2-update/bin/../lib/gcc/arm-none-eabi/7.3.1/thumb/v6-m/libgcc.a(_thumb1_case_uqi.o)
 .bss           0x0000000000000000        0x0 /Users/fukuno/bin/gcc-arm-none-eabi-7-2018-q2-update/bin/../lib/gcc/arm-none-eabi/7.3.1/thumb/v6-m/libgcc.a(_thumb1_case_uqi.o)
 .data          0x0000000000000000        0x0 /Users/fukuno/bin/gcc-arm-none-eabi-7-2018-q2-update/bin/../lib/gcc/arm-none-eabi/7.3.1/thumb/v6-m/libgcc.a(_udivsi3.o)
 .bss           0x0000000000000000        0x0 /Users/fukuno/bin/gcc-arm-none-eabi-7-2018-q2-update/bin/../lib/gcc/arm-none-eabi/7.3.1/thumb/v6-m/libgcc.a(_udivsi3.o)
 .data          0x0000000000000000        0x0 /Users/fukuno/bin/gcc-arm-none-eabi-7-2018-q2-update/bin/../lib/gcc/arm-none-eabi/7.3.1/thumb/v6-m/libgcc.a(_divsi3.o)
 .bss           0x0000000000000000        0x0 /Users/fukuno/bin/gcc-arm-none-eabi-7-2018-q2-update/bin/../lib/gcc/arm-none-eabi/7.3.1/thumb/v6-m/libgcc.a(_divsi3.o)
 .data          0x0000000000000000        0x0 /Users/fukuno/bin/gcc-arm-none-eabi-7-2018-q2-update/bin/../lib/gcc/arm-none-eabi/7.3.1/thumb/v6-m/libgcc.a(_dvmd_tls.o)
 .bss           0x0000000000000000        0x0 /Users/fukuno/bin/gcc-arm-none-eabi-7-2018-q2-update/bin/../lib/gcc/arm-none-eabi/7.3.1/thumb/v6-m/libgcc.a(_dvmd_tls.o)

Memory Configuration

Name             Origin             Length             Attributes
FLASH            0x0000000000000000 0x0000000000001000 xr
RAM              0x0000000010000000 0x0000000000000400 xrw
*default*        0x0000000000000000 0xffffffffffffffff

Linker script and memory map

LOAD main.o
START GROUP
LOAD /Users/fukuno/bin/gcc-arm-none-eabi-7-2018-q2-update/bin/../lib/gcc/arm-none-eabi/7.3.1/thumb/v6-m/libgcc.a
LOAD /Users/fukuno/bin/gcc-arm-none-eabi-7-2018-q2-update/bin/../lib/gcc/arm-none-eabi/7.3.1/../../../../arm-none-eabi/lib/thumb/v6-m/libc.a
END GROUP
                0x0000000010000400                __top_ram = 0x10000400

.text           0x0000000000000000      0x8ac
                0x0000000000000000                _text = .
 *(.isr_vector)
 .isr_vector    0x0000000000000000       0xc0 main.o
                0x0000000000000000                g_pfnVectors
                0x00000000000000c0                __data_section_table = .
                0x00000000000000c0        0x4 LONG 0x8ac LOADADDR (.data)
                0x00000000000000c4        0x4 LONG 0x8 SIZEOF (.data)
 *(.after_vectors)
 .after_vectors
                0x00000000000000c8        0x2 main.o
                0x00000000000000c8                SPI0_IRQHandler
                0x00000000000000c8                PININT7_IRQHandler
                0x00000000000000c8                HardFault_Handler
                0x00000000000000c8                WKT_IRQHandler
                0x00000000000000c8                PININT2_IRQHandler
                0x00000000000000c8                PININT1_IRQHandler
                0x00000000000000c8                PendSV_Handler
                0x00000000000000c8                NMI_Handler
                0x00000000000000c8                MRT_IRQHandler
                0x00000000000000c8                UART1_IRQHandler
                0x00000000000000c8                UART0_IRQHandler
                0x00000000000000c8                SPI1_IRQHandler
                0x00000000000000c8                IntDefaultHandler
                0x00000000000000c8                PININT3_IRQHandler
                0x00000000000000c8                UART2_IRQHandler
                0x00000000000000c8                PININT5_IRQHandler
                0x00000000000000c8                PININT4_IRQHandler
                0x00000000000000c8                PININT0_IRQHandler
                0x00000000000000c8                BOD_IRQHandler
                0x00000000000000c8                SCT_IRQHandler
                0x00000000000000c8                I2C_IRQHandler
                0x00000000000000c8                WDT_IRQHandler
                0x00000000000000c8                SVC_Handler
                0x00000000000000c8                PININT6_IRQHandler
                0x00000000000000c8                CMP_IRQHandler
 *(.text*)
 *fill*         0x00000000000000ca        0x2 
 .text.SysTick_Handler
                0x00000000000000cc       0x10 main.o
                0x00000000000000cc                SysTick_Handler
 .text.wait     0x00000000000000dc       0x16 main.o
 *fill*         0x00000000000000f2        0x2 
 .text.rotate.part.0
                0x00000000000000f4       0x38 main.o
 .text.systick_init
                0x000000000000012c       0x38 main.o
                0x000000000000012c                systick_init
 .text.flush    0x0000000000000164       0x18 main.o
                0x0000000000000164                flush
 .text.rnd      0x000000000000017c       0x1c main.o
                0x000000000000017c                rnd
 .text.set      0x0000000000000198       0x18 main.o
                0x0000000000000198                set
 .text.clear    0x00000000000001b0       0x18 main.o
                0x00000000000001b0                clear
 .text.hsv2rgb  0x00000000000001c8       0xa4 main.o
                0x00000000000001c8                hsv2rgb
 .text.rotate   0x000000000000026c       0x38 main.o
                0x000000000000026c                rotate
 .text.fizzbuzz
                0x00000000000002a4       0x80 main.o
                0x00000000000002a4                fizzbuzz
 .text.hue      0x0000000000000324       0x5c main.o
                0x0000000000000324                hue
 .text.atrandom
                0x0000000000000380       0x64 main.o
                0x0000000000000380                atrandom
 .text.rainbow  0x00000000000003e4       0x74 main.o
                0x00000000000003e4                rainbow
 .text.flash    0x0000000000000458       0x48 main.o
                0x0000000000000458                flash
 .text.start    0x00000000000004a0       0x46 main.o
                0x00000000000004a0                start
 *fill*         0x00000000000004e6        0x2 
 .text.Reset_Handler
                0x00000000000004e8       0x7c main.o
                0x00000000000004e8                Reset_Handler
 .text          0x0000000000000564       0x14 /Users/fukuno/bin/gcc-arm-none-eabi-7-2018-q2-update/bin/../lib/gcc/arm-none-eabi/7.3.1/thumb/v6-m/libgcc.a(_thumb1_case_uqi.o)
                0x0000000000000564                __gnu_thumb1_case_uqi
 .text          0x0000000000000578      0x114 /Users/fukuno/bin/gcc-arm-none-eabi-7-2018-q2-update/bin/../lib/gcc/arm-none-eabi/7.3.1/thumb/v6-m/libgcc.a(_udivsi3.o)
                0x0000000000000578                __udivsi3
                0x0000000000000578                __aeabi_uidiv
                0x0000000000000684                __aeabi_uidivmod
 .text          0x000000000000068c      0x1d4 /Users/fukuno/bin/gcc-arm-none-eabi-7-2018-q2-update/bin/../lib/gcc/arm-none-eabi/7.3.1/thumb/v6-m/libgcc.a(_divsi3.o)
                0x000000000000068c                __aeabi_idiv
                0x000000000000068c                __divsi3
                0x0000000000000858                __aeabi_idivmod
 .text          0x0000000000000860        0x4 /Users/fukuno/bin/gcc-arm-none-eabi-7-2018-q2-update/bin/../lib/gcc/arm-none-eabi/7.3.1/thumb/v6-m/libgcc.a(_dvmd_tls.o)
                0x0000000000000860                __aeabi_ldiv0
                0x0000000000000860                __aeabi_idiv0
 *(.rodata*)
 .rodata.WS2812B_DRIVER
                0x0000000000000864       0x48 main.o
                0x0000000000000864                WS2812B_DRIVER
                0x00000000000008ac                . = ALIGN (0x4)
                0x00000000000008ac                _etext = .

.glue_7         0x00000000000008ac        0x0
 .glue_7        0x00000000000008ac        0x0 linker stubs

.glue_7t        0x00000000000008ac        0x0
 .glue_7t       0x00000000000008ac        0x0 linker stubs

.vfp11_veneer   0x00000000000008ac        0x0
 .vfp11_veneer  0x00000000000008ac        0x0 linker stubs

.v4_bx          0x00000000000008ac        0x0
 .v4_bx         0x00000000000008ac        0x0 linker stubs

.iplt           0x00000000000008ac        0x0
 .iplt          0x00000000000008ac        0x0 main.o

.rel.dyn        0x00000000000008ac        0x0
 .rel.iplt      0x00000000000008ac        0x0 main.o

.data           0x0000000010000000        0x8 load address 0x00000000000008ac
                0x0000000010000000                _data = .
 *(vtable)
 *(.data*)
 .data.m        0x0000000010000000        0x4 main.o
                0x0000000010000000                m
 .data.ws2812b_write
                0x0000000010000004        0x4 main.o
                0x0000000010000004                ws2812b_write
                0x0000000010000008                . = ALIGN (0x4)
                0x0000000010000008                _edata = .

.igot.plt       0x0000000010000008        0x0 load address 0x00000000000008b4
 .igot.plt      0x0000000010000008        0x0 main.o

.bss            0x0000000010000008       0x44 load address 0x00000000000008b4
                0x0000000010000008                _bss = .
 *(.bss*)
 .bss.systick_cnt
                0x0000000010000008        0x4 main.o
                0x0000000010000008                systick_cnt
 *(COMMON)
 COMMON         0x000000001000000c       0x3f main.o
                0x000000001000000c                data
                0x000000001000004c                . = ALIGN (0x4)
 *fill*         0x000000001000004b        0x1 
                0x000000001000004c                _ebss = .
                0x0000000010000400                PROVIDE (_vStackTop = __top_ram)
OUTPUT(obj.axf elf32-littlearm)

.comment        0x0000000000000000       0x7f
 .comment       0x0000000000000000       0x7f main.o
                                         0x80 (size before relaxing)

.ARM.attributes
                0x0000000000000000       0x32
 .ARM.attributes
                0x0000000000000000       0x32 main.o
 .ARM.attributes
                0x0000000000000032       0x1e /Users/fukuno/bin/gcc-arm-none-eabi-7-2018-q2-update/bin/../lib/gcc/arm-none-eabi/7.3.1/thumb/v6-m/libgcc.a(_thumb1_case_uqi.o)
 .ARM.attributes
                0x0000000000000050       0x1e /Users/fukuno/bin/gcc-arm-none-eabi-7-2018-q2-update/bin/../lib/gcc/arm-none-eabi/7.3.1/thumb/v6-m/libgcc.a(_udivsi3.o)
 .ARM.attributes
                0x000000000000006e       0x1e /Users/fukuno/bin/gcc-arm-none-eabi-7-2018-q2-update/bin/../lib/gcc/arm-none-eabi/7.3.1/thumb/v6-m/libgcc.a(_divsi3.o)
 .ARM.attributes
                0x000000000000008c       0x1e /Users/fukuno/bin/gcc-arm-none-eabi-7-2018-q2-update/bin/../lib/gcc/arm-none-eabi/7.3.1/thumb/v6-m/libgcc.a(_dvmd_tls.o)

.debug_frame    0x0000000000000000       0x40
 .debug_frame   0x0000000000000000       0x20 /Users/fukuno/bin/gcc-arm-none-eabi-7-2018-q2-update/bin/../lib/gcc/arm-none-eabi/7.3.1/thumb/v6-m/libgcc.a(_udivsi3.o)
 .debug_frame   0x0000000000000020       0x20 /Users/fukuno/bin/gcc-arm-none-eabi-7-2018-q2-update/bin/../lib/gcc/arm-none-eabi/7.3.1/thumb/v6-m/libgcc.a(_divsi3.o)
